error: section cannot be described at here
 --> $DIR/section-in-closure.rs:6:9
  |
6 |         section!(cx, "section", {});
  |         ^^^^^^^^^^^^^^^^^^^^^^^^^^^
